epaper_1in02d.c:86:13:EPD_Reset	8	static
epaper_1in02d.c:44:13:EPD_SendCommand	16	static
epaper_1in02d.c:58:13:EPD_SendData	16	static
epaper_1in02d.c:102:13:EPD_WaitUntilIdle	16	static
epaper_1in02d.c:287:13:EPD_DrawPixel	0	static
epaper_1in02d.c:420:13:EPD_DrawString5x7	40	static
epaper_1in02d.c:72:13:EPD_SendBuffer.constprop	8	static
epaper_1in02d.c:226:13:EPD_DisplayFrame.constprop	8	static
epaper_1in02d.c:146:6:EPD_Init	8	static
epaper_1in02d.c:187:6:EPD_InitPartial	16	static
epaper_1in02d.c:265:6:EPD_ResetPreviousBufferWhite	8	static
epaper_1in02d.c:271:6:EPD_ClearWhite	8	static
epaper_1in02d.c:430:6:EPD_ShowString	16	static
epaper_1in02d.c:448:6:EPD_ShowStringPartial	8	static
epaper_1in02d.c:465:6:EPD_ShowTestPattern	16	static
epaper_1in02d.c:494:6:EPD_Sleep	8	static
