epaper_1in02d.c:15:13:EPD_SendCommand	16	static
epaper_1in02d.c:23:13:EPD_SendData	16	static
epaper_1in02d.c:55:13:EPD_WaitUntilIdle	8	static
epaper_1in02d.c:133:13:EPD_DrawPixel	0	static
epaper_1in02d.c:266:13:EPD_DrawString5x7	40	static
epaper_1in02d.c:111:13:EPD_DisplayFrame.constprop	8	static
epaper_1in02d.c:73:6:EPD_Init	8	static
epaper_1in02d.c:127:6:EPD_ClearWhite	8	static
epaper_1in02d.c:276:6:EPD_ShowString	8	static
epaper_1in02d.c:285:6:EPD_ShowTestPattern	16	static
epaper_1in02d.c:311:6:EPD_Sleep	8	static
