Archive member included to satisfy reference by file (symbol)

c:/program files (x86)/atollic/truestudio for stm32 9.3.0/armtools/bin/../lib/gcc/arm-atollic-eabi/6.3.1/../../../../arm-atollic-eabi/lib/armv7e-m/fpu\libc_nano.a(lib_a-init.o)
                              startup\startup_stm32f303xe.o (__libc_init_array)
c:/program files (x86)/atollic/truestudio for stm32 9.3.0/armtools/bin/../lib/gcc/arm-atollic-eabi/6.3.1/../../../../arm-atollic-eabi/lib/armv7e-m/fpu\libc_nano.a(lib_a-memcpy-stub.o)
                              Src\epaper_1in02d.o (memcpy)
c:/program files (x86)/atollic/truestudio for stm32 9.3.0/armtools/bin/../lib/gcc/arm-atollic-eabi/6.3.1/../../../../arm-atollic-eabi/lib/armv7e-m/fpu\libc_nano.a(lib_a-memset.o)
                              Src\epaper_1in02d.o (memset)
c:/program files (x86)/atollic/truestudio for stm32 9.3.0/armtools/bin/../lib/gcc/arm-atollic-eabi/6.3.1/../../../../arm-atollic-eabi/lib/armv7e-m/fpu\libc_nano.a(lib_a-snprintf.o)
                              Src\main.o (snprintf)
c:/program files (x86)/atollic/truestudio for stm32 9.3.0/armtools/bin/../lib/gcc/arm-atollic-eabi/6.3.1/../../../../arm-atollic-eabi/lib/armv7e-m/fpu\libc_nano.a(lib_a-strlen.o)
                              Src\main.o (strlen)
c:/program files (x86)/atollic/truestudio for stm32 9.3.0/armtools/bin/../lib/gcc/arm-atollic-eabi/6.3.1/../../../../arm-atollic-eabi/lib/armv7e-m/fpu\libc_nano.a(lib_a-strncpy.o)
                              Src\main.o (strncpy)
c:/program files (x86)/atollic/truestudio for stm32 9.3.0/armtools/bin/../lib/gcc/arm-atollic-eabi/6.3.1/../../../../arm-atollic-eabi/lib/armv7e-m/fpu\libc_nano.a(lib_a-impure.o)
                              c:/program files (x86)/atollic/truestudio for stm32 9.3.0/armtools/bin/../lib/gcc/arm-atollic-eabi/6.3.1/../../../../arm-atollic-eabi/lib/armv7e-m/fpu\libc_nano.a(lib_a-snprintf.o) (_impure_ptr)
c:/program files (x86)/atollic/truestudio for stm32 9.3.0/armtools/bin/../lib/gcc/arm-atollic-eabi/6.3.1/../../../../arm-atollic-eabi/lib/armv7e-m/fpu\libc_nano.a(lib_a-nano-svfprintf.o)
                              c:/program files (x86)/atollic/truestudio for stm32 9.3.0/armtools/bin/../lib/gcc/arm-atollic-eabi/6.3.1/../../../../arm-atollic-eabi/lib/armv7e-m/fpu\libc_nano.a(lib_a-snprintf.o) (_svfprintf_r)
c:/program files (x86)/atollic/truestudio for stm32 9.3.0/armtools/bin/../lib/gcc/arm-atollic-eabi/6.3.1/../../../../arm-atollic-eabi/lib/armv7e-m/fpu\libc_nano.a(lib_a-nano-vfprintf_i.o)
                              c:/program files (x86)/atollic/truestudio for stm32 9.3.0/armtools/bin/../lib/gcc/arm-atollic-eabi/6.3.1/../../../../arm-atollic-eabi/lib/armv7e-m/fpu\libc_nano.a(lib_a-nano-svfprintf.o) (_printf_i)
c:/program files (x86)/atollic/truestudio for stm32 9.3.0/armtools/bin/../lib/gcc/arm-atollic-eabi/6.3.1/../../../../arm-atollic-eabi/lib/armv7e-m/fpu\libc_nano.a(lib_a-memchr.o)
                              c:/program files (x86)/atollic/truestudio for stm32 9.3.0/armtools/bin/../lib/gcc/arm-atollic-eabi/6.3.1/../../../../arm-atollic-eabi/lib/armv7e-m/fpu\libc_nano.a(lib_a-nano-svfprintf.o) (memchr)
c:/program files (x86)/atollic/truestudio for stm32 9.3.0/armtools/bin/../lib/gcc/arm-atollic-eabi/6.3.1/../../../../arm-atollic-eabi/lib/armv7e-m/fpu\libc_nano.a(lib_a-memmove.o)
                              c:/program files (x86)/atollic/truestudio for stm32 9.3.0/armtools/bin/../lib/gcc/arm-atollic-eabi/6.3.1/../../../../arm-atollic-eabi/lib/armv7e-m/fpu\libc_nano.a(lib_a-nano-svfprintf.o) (memmove)
c:/program files (x86)/atollic/truestudio for stm32 9.3.0/armtools/bin/../lib/gcc/arm-atollic-eabi/6.3.1/../../../../arm-atollic-eabi/lib/armv7e-m/fpu\libc_nano.a(lib_a-nano-freer.o)
                              c:/program files (x86)/atollic/truestudio for stm32 9.3.0/armtools/bin/../lib/gcc/arm-atollic-eabi/6.3.1/../../../../arm-atollic-eabi/lib/armv7e-m/fpu\libc_nano.a(lib_a-nano-svfprintf.o) (_free_r)
c:/program files (x86)/atollic/truestudio for stm32 9.3.0/armtools/bin/../lib/gcc/arm-atollic-eabi/6.3.1/../../../../arm-atollic-eabi/lib/armv7e-m/fpu\libc_nano.a(lib_a-nano-mallocr.o)
                              c:/program files (x86)/atollic/truestudio for stm32 9.3.0/armtools/bin/../lib/gcc/arm-atollic-eabi/6.3.1/../../../../arm-atollic-eabi/lib/armv7e-m/fpu\libc_nano.a(lib_a-nano-svfprintf.o) (_malloc_r)
c:/program files (x86)/atollic/truestudio for stm32 9.3.0/armtools/bin/../lib/gcc/arm-atollic-eabi/6.3.1/../../../../arm-atollic-eabi/lib/armv7e-m/fpu\libc_nano.a(lib_a-nano-reallocr.o)
                              c:/program files (x86)/atollic/truestudio for stm32 9.3.0/armtools/bin/../lib/gcc/arm-atollic-eabi/6.3.1/../../../../arm-atollic-eabi/lib/armv7e-m/fpu\libc_nano.a(lib_a-nano-svfprintf.o) (_realloc_r)
c:/program files (x86)/atollic/truestudio for stm32 9.3.0/armtools/bin/../lib/gcc/arm-atollic-eabi/6.3.1/../../../../arm-atollic-eabi/lib/armv7e-m/fpu\libc_nano.a(lib_a-sbrkr.o)
[...]
Memory Configuration

Name             Origin             Length             Attributes
RAM              0x20000000         0x00010000         xrw
CCMRAM           0x10000000         0x00004000         rw
FLASH            0x08000000         0x00080000         xr
*default*        0x00000000         0xffffffff

Linker script and memory map

LOAD c:/program files (x86)/atollic/truestudio for stm32 9.3.0/armtools/bin/../lib/gcc/arm-atollic-eabi/6.3.1/armv7e-m/fpu/crti.o
LOAD c:/program files (x86)/atollic/truestudio for stm32 9.3.0/armtools/bin/../lib/gcc/arm-atollic-eabi/6.3.1/armv7e-m/fpu/crtbegin.o
LOAD Drivers\STM32F3xx_HAL_Driver\Src\stm32f3xx_hal.o
LOAD Drivers\STM32F3xx_HAL_Driver\Src\stm32f3xx_hal_adc.o
LOAD Drivers\STM32F3xx_HAL_Driver\Src\stm32f3xx_hal_adc_ex.o
LOAD Drivers\STM32F3xx_HAL_Driver\Src\stm32f3xx_hal_cortex.o
LOAD Drivers\STM32F3xx_HAL_Driver\Src\stm32f3xx_hal_dma.o
LOAD Drivers\STM32F3xx_HAL_Driver\Src\stm32f3xx_hal_flash.o
LOAD Drivers\STM32F3xx_HAL_Driver\Src\stm32f3xx_hal_flash_ex.o
LOAD Drivers\STM32F3xx_HAL_Driver\Src\stm32f3xx_hal_gpio.o
LOAD Drivers\STM32F3xx_HAL_Driver\Src\stm32f3xx_hal_i2c.o
LOAD Drivers\STM32F3xx_HAL_Driver\Src\stm32f3xx_hal_i2c_ex.o
LOAD Drivers\STM32F3xx_HAL_Driver\Src\stm32f3xx_hal_pwr.o
LOAD Drivers\STM32F3xx_HAL_Driver\Src\stm32f3xx_hal_pwr_ex.o
LOAD Drivers\STM32F3xx_HAL_Driver\Src\stm32f3xx_hal_rcc.o
LOAD Drivers\STM32F3xx_HAL_Driver\Src\stm32f3xx_hal_rcc_ex.o
LOAD Drivers\STM32F3xx_HAL_Driver\Src\stm32f3xx_hal_spi.o
LOAD Drivers\STM32F3xx_HAL_Driver\Src\stm32f3xx_hal_spi_ex.o
LOAD Drivers\STM32F3xx_HAL_Driver\Src\stm32f3xx_hal_tim.o
LOAD Drivers\STM32F3xx_HAL_Driver\Src\stm32f3xx_hal_tim_ex.o
LOAD Drivers\STM32F3xx_HAL_Driver\Src\stm32f3xx_hal_uart.o
LOAD Drivers\STM32F3xx_HAL_Driver\Src\stm32f3xx_hal_uart_ex.o
LOAD Src\epaper_1in02d.o
LOAD Src\main.o
LOAD Src\stm32f3xx_hal_msp.o
LOAD Src\stm32f3xx_it.o
LOAD Src\system_stm32f3xx.o
LOAD startup\startup_stm32f303xe.o
                0x00000080                malloc_getpagesize_P = 0x80
START GROUP
LOAD c:/program files (x86)/atollic/truestudio for stm32 9.3.0/armtools/bin/../lib/gcc/arm-atollic-eabi/6.3.1/../../../../arm-atollic-eabi/lib/armv7e-m/fpu\libc_nano.a
LOAD c:/program files (x86)/atollic/truestudio for stm32 9.3.0/armtools/bin/../lib/gcc/arm-atollic-eabi/6.3.1/../../../../arm-atollic-eabi/lib/armv7e-m/fpu\libm.a
END GROUP
START GROUP
LOAD c:/program files (x86)/atollic/truestudio for stm32 9.3.0/armtools/bin/../lib/gcc/arm-atollic-eabi/6.3.1/armv7e-m/fpu\libgcc.a
LOAD c:/program files (x86)/atollic/truestudio for stm32 9.3.0/armtools/bin/../lib/gcc/arm-atollic-eabi/6.3.1/../../../../arm-atollic-eabi/lib/armv7e-m/fpu\libc_nano.a
END GROUP
START GROUP
LOAD c:/program files (x86)/atollic/truestudio for stm32 9.3.0/armtools/bin/../lib/gcc/arm-atollic-eabi/6.3.1/armv7e-m/fpu\libgcc.a
LOAD c:/program files (x86)/atollic/truestudio for stm32 9.3.0/armtools/bin/../lib/gcc/arm-atollic-eabi/6.3.1/../../../../arm-atollic-eabi/lib/armv7e-m/fpu\libc_nano.a
LOAD c:/program files (x86)/atollic/truestudio for stm32 9.3.0/armtools/bin/../lib/gcc/arm-atollic-eabi/6.3.1/../../../../arm-atollic-eabi/lib/armv7e-m/fpu\libnosys.a
END GROUP
START GROUP
LOAD c:/program files (x86)/atollic/truestudio for stm32 9.3.0/armtools/bin/../lib/gcc/arm-atollic-eabi/6.3.1/armv7e-m/fpu\libgcc.a
LOAD c:/program files (x86)/atollic/truestudio for stm32 9.3.0/armtools/bin/../lib/gcc/arm-atollic-eabi/6.3.1/../../../../arm-atollic-eabi/lib/armv7e-m/fpu\libc_nano.a
LOAD c:/program files (x86)/atollic/truestudio for stm32 9.3.0/armtools/bin/../lib/gcc/arm-atollic-eabi/6.3.1/../../../../arm-atollic-eabi/lib/armv7e-m/fpu\libnosys.a
END GROUP
LOAD c:/program files (x86)/atollic/truestudio for stm32 9.3.0/armtools/bin/../lib/gcc/arm-atollic-eabi/6.3.1/armv7e-m/fpu/crtend.o
LOAD c:/program files (x86)/atollic/truestudio for stm32 9.3.0/armtools/bin/../lib/gcc/arm-atollic-eabi/6.3.1/armv7e-m/fpu/crtn.o
                0x20010000                _estack = 0x20010000
                0x00000200                _Min_Heap_Size = 0x200
                0x00000400                _Min_Stack_Size = 0x400

.isr_vector     0x08000000      0x194
                0x08000000                . = ALIGN (0x4)
 *(.isr_vector)
 .isr_vector    0x08000000      0x194 startup\startup_stm32f303xe.o
                0x08000000                g_pfnVectors
                0x08000194                . = ALIGN (0x4)

.text           0x080001a0     0x3b78
                0x080001a0                . = ALIGN (0x4)
 *(.text)
 .text          0x080001a0       0x40 c:/program files (x86)/atollic/truestudio for stm32 9.3.0/armtools/bin/../lib/gcc/arm-atollic-eabi/6.3.1/armv7e-m/fpu/crtbegin.o
 .text          0x080001e0       0x10 c:/program files (x86)/atollic/truestudio for stm32 9.3.0/armtools/bin/../lib/gcc/arm-atollic-eabi/6.3.1/../../../../arm-atollic-eabi/lib/armv7e-m/fpu\libc_nano.a(lib_a-strlen.o)
                0x080001e0                strlen
 .text          0x080001f0       0xa0 c:/program files (x86)/atollic/truestudio for stm32 9.3.0/armtools/bin/../lib/gcc/arm-atollic-eabi/6.3.1/../../../../arm-atollic-eabi/lib/armv7e-m/fpu\libc_nano.a(lib_a-memchr.o)
                0x080001f0                memchr
 *(.text*)
 .text.HAL_InitTick
                0x08000290       0x28 Drivers\STM32F3xx_HAL_Driver\Src\stm32f3xx_hal.o
                0x08000290                HAL_InitTick
 .text.HAL_Init
                0x080002b8       0x24 Drivers\STM32F3xx_HAL_Driver\Src\stm32f3xx_hal.o
                0x080002b8                HAL_Init
 .text.HAL_IncTick
                0x080002dc       0x10 Drivers\STM32F3xx_HAL_Driver\Src\stm32f3xx_hal.o
                0x080002dc                HAL_IncTick
 .text.HAL_GetTick
                0x080002ec        0xc Drivers\STM32F3xx_HAL_Driver\Src\stm32f3xx_hal.o
                0x080002ec                HAL_GetTick
 .text.HAL_Delay
                0x080002f8       0x20 Drivers\STM32F3xx_HAL_Driver\Src\stm32f3xx_hal.o
                0x080002f8                HAL_Delay
 .text.HAL_SuspendTick
                0x08000318       0x10 Drivers\STM32F3xx_HAL_Driver\Src\stm32f3xx_hal.o
                0x08000318                HAL_SuspendTick
 .text.ADC_Disable
                0x08000328       0x6e Drivers\STM32F3xx_HAL_Driver\Src\stm32f3xx_hal_adc_ex.o
 *fill*         0x08000396        0x2 
 .text.ADC_ConversionStop
                0x08000398       0xac Drivers\STM32F3xx_HAL_Driver\Src\stm32f3xx_hal_adc_ex.o
 .text.ADC_Enable
                0x08000444       0x5c Drivers\STM32F3xx_HAL_Driver\Src\stm32f3xx_hal_adc_ex.o
 .text.HAL_ADC_Init
                0x080004a0      0x268 Drivers\STM32F3xx_HAL_Driver\Src\stm32f3xx_hal_adc_ex.o
                0x080004a0                HAL_ADC_Init
 .text.HAL_ADC_DeInit
                0x08000708      0x1b0 Drivers\STM32F3xx_HAL_Driver\Src\stm32f3xx_hal_adc_ex.o
                0x08000708                HAL_ADC_DeInit
 .text.HAL_ADC_Start
                0x080008b8      0x160 Drivers\STM32F3xx_HAL_Driver\Src\stm32f3xx_hal_adc_ex.o
                0x080008b8                HAL_ADC_Start
 .text.HAL_ADC_Stop
                0x08000a18       0x3e Drivers\STM32F3xx_HAL_Driver\Src\stm32f3xx_hal_adc_ex.o
                0x08000a18                HAL_ADC_Stop
 *fill*         0x08000a56        0x2 
 .text.HAL_ADC_PollForConversion
                0x08000a58      0x140 Drivers\STM32F3xx_HAL_Driver\Src\stm32f3xx_hal_adc_ex.o
                0x08000a58                HAL_ADC_PollForConversion
 .text.HAL_ADC_GetValue
                0x08000b98        0x6 Drivers\STM32F3xx_HAL_Driver\Src\stm32f3xx_hal_adc_ex.o
                0x08000b98                HAL_ADC_GetValue
 .text.HAL_ADCEx_Calibration_Start
                0x08000b9e       0x84 Drivers\STM32F3xx_HAL_Driver\Src\stm32f3xx_hal_adc_ex.o
                0x08000b9e                HAL_ADCEx_Calibration_Start
 *fill*         0x08000c22        0x2 
 .text.HAL_ADC_ConfigChannel
                0x08000c24      0x330 Drivers\STM32F3xx_HAL_Driver\Src\stm32f3xx_hal_adc_ex.o
                0x08000c24                HAL_ADC_ConfigChannel
 .text.HAL_ADCEx_MultiModeConfigChannel
                0x08000f54      0x120 Drivers\STM32F3xx_HAL_Driver\Src\stm32f3xx_hal_adc_ex.o
                0x08000f54                HAL_ADCEx_MultiModeConfigChannel
 .text.HAL_NVIC_SetPriorityGrouping
                0x08001074       0x24 Drivers\STM32F3xx_HAL_Driver\Src\stm32f3xx_hal_cortex.o
                0x08001074                HAL_NVIC_SetPriorityGrouping
 .text.HAL_NVIC_SetPriority
                0x08001098       0x68 Drivers\STM32F3xx_HAL_Driver\Src\stm32f3xx_hal_cortex.o
                0x08001098                HAL_NVIC_SetPriority
 .text.HAL_NVIC_EnableIRQ
                0x08001100       0x18 Drivers\STM32F3xx_HAL_Driver\Src\stm32f3xx_hal_cortex.o
                0x08001100                HAL_NVIC_EnableIRQ
 .text.HAL_SYSTICK_Config
                0x08001118       0x2c Drivers\STM32F3xx_HAL_Driver\Src\stm32f3xx_hal_cortex.o
                0x08001118                HAL_SYSTICK_Config
 .text.HAL_SYSTICK_CLKSourceConfig
                0x08001144       0x18 Drivers\STM32F3xx_HAL_Driver\Src\stm32f3xx_hal_cortex.o
                0x08001144                HAL_SYSTICK_CLKSourceConfig
 .text.HAL_SYSTICK_Callback
                0x0800115c        0x2 Drivers\STM32F3xx_HAL_Driver\Src\stm32f3xx_hal_cortex.o
                0x0800115c                HAL_SYSTICK_Callback
 .text.HAL_SYSTICK_IRQHandler
                0x0800115e        0x8 Drivers\STM32F3xx_HAL_Driver\Src\stm32f3xx_hal_cortex.o
                0x0800115e                HAL_SYSTICK_IRQHandler
 *fill*         0x08001166        0x2 
 .text.HAL_GPIO_Init
                0x08001168      0x1a0 Drivers\STM32F3xx_HAL_Driver\Src\stm32f3xx_hal_gpio.o
                0x08001168                HAL_GPIO_Init
 .text.HAL_GPIO_DeInit
                0x08001308      0x11c Drivers\STM32F3xx_HAL_Driver\Src\stm32f3xx_hal_gpio.o
                0x08001308                HAL_GPIO_DeInit
 .text.HAL_GPIO_ReadPin
                0x08001424        0xc Drivers\STM32F3xx_HAL_Driver\Src\stm32f3xx_hal_gpio.o
                0x08001424                HAL_GPIO_ReadPin
 .text.HAL_GPIO_WritePin
                0x08001430        0xa Drivers\STM32F3xx_HAL_Driver\Src\stm32f3xx_hal_gpio.o
                0x08001430                HAL_GPIO_WritePin
 *fill*         0x0800143a        0x2 
 .text.HAL_GPIO_EXTI_IRQHandler
                0x0800143c       0x18 Drivers\STM32F3xx_HAL_Driver\Src\stm32f3xx_hal_gpio.o
                0x0800143c                HAL_GPIO_EXTI_IRQHandler
 .text.HAL_PWR_EnterSTOPMode
                0x08001454       0x38 Drivers\STM32F3xx_HAL_Driver\Src\stm32f3xx_hal_pwr.o
                0x08001454                HAL_PWR_EnterSTOPMode
 .text.HAL_RCC_OscConfig
                0x0800148c      0x4fc Drivers\STM32F3xx_HAL_Driver\Src\stm32f3xx_hal_rcc.o
                0x0800148c                HAL_RCC_OscConfig
 .text.HAL_RCC_GetSysClockFreq
                0x08001988       0x58 Drivers\STM32F3xx_HAL_Driver\Src\stm32f3xx_hal_rcc.o
                0x08001988                HAL_RCC_GetSysClockFreq
 .text.HAL_RCC_ClockConfig
                0x080019e0      0x184 Drivers\STM32F3xx_HAL_Driver\Src\stm32f3xx_hal_rcc.o
                0x080019e0                HAL_RCC_ClockConfig
 .text.HAL_RCC_GetHCLKFreq
                0x08001b64        0xc Drivers\STM32F3xx_HAL_Driver\Src\stm32f3xx_hal_rcc.o
                0x08001b64                HAL_RCC_GetHCLKFreq
 .text.HAL_RCC_GetPCLK1Freq
                0x08001b70       0x30 Drivers\STM32F3xx_HAL_Driver\Src\stm32f3xx_hal_rcc.o
                0x08001b70                HAL_RCC_GetPCLK1Freq
 .text.HAL_RCC_GetPCLK2Freq
                0x08001ba0       0x30 Drivers\STM32F3xx_HAL_Driver\Src\stm32f3xx_hal_rcc.o
                0x08001ba0                HAL_RCC_GetPCLK2Freq
 .text.HAL_RCCEx_PeriphCLKConfig
                0x08001bd0      0x288 Drivers\STM32F3xx_HAL_Driver\Src\stm32f3xx_hal_rcc_ex.o
                0x08001bd0                HAL_RCCEx_PeriphCLKConfig
 .text.SPI_WaitFifoStateUntilTimeout.part.1
                0x08001e58       0x50 Drivers\STM32F3xx_HAL_Driver\Src\stm32f3xx_hal_spi.o
 .text.SPI_WaitFlagStateUntilTimeout.constprop.10
                0x08001ea8       0x30 Drivers\STM32F3xx_HAL_Driver\Src\stm32f3xx_hal_spi.o
 .text.SPI_WaitFifoStateUntilTimeout.constprop.11
                0x08001ed8       0x40 Drivers\STM32F3xx_HAL_Driver\Src\stm32f3xx_hal_spi.o
 .text.SPI_EndRxTxTransaction
                0x08001f18       0x44 Drivers\STM32F3xx_HAL_Driver\Src\stm32f3xx_hal_spi.o
 .text.HAL_SPI_Init
                0x08001f5c       0xaa Drivers\STM32F3xx_HAL_Driver\Src\stm32f3xx_hal_spi.o
                0x08001f5c                HAL_SPI_Init
 .text.HAL_SPI_DeInit
                0x08002006       0x2c Drivers\STM32F3xx_HAL_Driver\Src\stm32f3xx_hal_spi.o
                0x08002006                HAL_SPI_DeInit
 .text.HAL_SPI_Transmit
                0x08002032      0x17c Drivers\STM32F3xx_HAL_Driver\Src\stm32f3xx_hal_spi.o
                0x08002032                HAL_SPI_Transmit
 .text.HAL_UART_DeInit
                0x080021ae       0x38 Drivers\STM32F3xx_HAL_Driver\Src\stm32f3xx_hal_uart.o
                0x080021ae                HAL_UART_DeInit
 *fill*         0x080021e6        0x2 
 .text.UART_SetConfig
                0x080021e8      0x210 Drivers\STM32F3xx_HAL_Driver\Src\stm32f3xx_hal_uart.o
                0x080021e8                UART_SetConfig
 .text.UART_AdvFeatureConfig
                0x080023f8       0xa8 Drivers\STM32F3xx_HAL_Driver\Src\stm32f3xx_hal_uart.o
                0x080023f8                UART_AdvFeatureConfig
 .text.UART_WaitOnFlagUntilTimeout
                0x080024a0       0x62 Drivers\STM32F3xx_HAL_Driver\Src\stm32f3xx_hal_uart.o
                0x080024a0                UART_WaitOnFlagUntilTimeout
 .text.HAL_UART_Transmit
                0x08002502       0xb2 Drivers\STM32F3xx_HAL_Driver\Src\stm32f3xx_hal_uart.o
                0x08002502                HAL_UART_Transmit
 .text.UART_CheckIdleState
                0x080025b4       0x64 Drivers\STM32F3xx_HAL_Driver\Src\stm32f3xx_hal_uart.o
                0x080025b4                UART_CheckIdleState
 .text.HAL_UART_Init
                0x08002618       0x64 Drivers\STM32F3xx_HAL_Driver\Src\stm32f3xx_hal_uart.o
                0x08002618                HAL_UART_Init
 .text.EPD_Reset
                0x0800267c       0x3c Src\epaper_1in02d.o
 .text.EPD_SendCommand
                0x080026b8       0x5c Src\epaper_1in02d.o
 .text.EPD_SendData
                0x08002714       0x5c Src\epaper_1in02d.o
 .text.EPD_WaitUntilIdle
                0x08002770       0x38 Src\epaper_1in02d.o
 .text.EPD_DrawPixel
                0x080027a8       0x3c Src\epaper_1in02d.o
 .text.EPD_DrawString5x7
                0x080027e4       0x6c Src\epaper_1in02d.o
 .text.EPD_SendBuffer.constprop.3
                0x08002850       0x58 Src\epaper_1in02d.o
 .text.EPD_DisplayFrame.constprop.2
                0x080028a8       0x40 Src\epaper_1in02d.o
 .text.EPD_Init
                0x080028e8       0x7e Src\epaper_1in02d.o
                0x080028e8                EPD_Init
 *fill*         0x08002966        0x2 
 .text.EPD_InitPartial
                0x08002968       0xb4 Src\epaper_1in02d.o
                0x08002968                EPD_InitPartial
 .text.EPD_ClearWhite
                0x08002a1c       0x34 Src\epaper_1in02d.o
                0x08002a1c                EPD_ClearWhite
 .text.EPD_ShowStringPartial
                0x08002a50       0x74 Src\epaper_1in02d.o
                0x08002a50                EPD_ShowStringPartial
 .text.EPD_Sleep
                0x08002ac4       0x18 Src\epaper_1in02d.o
                0x08002ac4                EPD_Sleep
 .text.GPIO_Unused_To_Analog_For_Power
                0x08002adc       0x54 Src\main.o
 .text.MX_ADC1_Init
                0x08002b30       0x70 Src\main.o
 .text.UART_PrintLine
                0x08002ba0       0x34 Src\main.o
 .text.UART_Disable_For_Power
                0x08002bd4       0x40 Src\main.o
 .text.ADC_Disable_For_Power
                0x08002c14       0x1c Src\main.o
 .text.MX_SPI1_Init
                0x08002c30       0x48 Src\main.o
 .text.SPI_Disable_For_Power
                0x08002c78       0x74 Src\main.o
 .text.Enter_Final_Stop
                0x08002cec       0x20 Src\main.o
 .text.Request_Stop_If_Button_Pressed
                0x08002d0c       0x20 Src\main.o
 .text.unlikely.ADC_Read_Channel_Average.constprop.1
                0x08002d2c       0x7c Src\main.o
 .text.HAL_GPIO_EXTI_Callback
                0x08002da8       0x14 Src\main.o
                0x08002da8                HAL_GPIO_EXTI_Callback
 .text.SystemClock_Config
                0x08002dbc       0x6a Src\main.o
                0x08002dbc                SystemClock_Config
 *fill*         0x08002e26        0x2 
 .text.startup.main
                0x08002e28      0x36c Src\main.o
                0x08002e28                main
 .text._Error_Handler
                0x08003194        0x2 Src\main.o
                0x08003194                _Error_Handler
 *fill*         0x08003196        0x2 
 .text.HAL_MspInit
                0x08003198       0x7c Src\stm32f3xx_hal_msp.o
                0x08003198                HAL_MspInit
 .text.HAL_ADC_MspInit
                0x08003214       0x28 Src\stm32f3xx_hal_msp.o
                0x08003214                HAL_ADC_MspInit
 .text.HAL_ADC_MspDeInit
                0x0800323c       0x18 Src\stm32f3xx_hal_msp.o
                0x0800323c                HAL_ADC_MspDeInit
 .text.HAL_SPI_MspInit
                0x08003254       0x48 Src\stm32f3xx_hal_msp.o
                0x08003254                HAL_SPI_MspInit
 .text.HAL_SPI_MspDeInit
                0x0800329c       0x28 Src\stm32f3xx_hal_msp.o
                0x0800329c                HAL_SPI_MspDeInit
 .text.HAL_UART_MspInit
                0x080032c4       0x48 Src\stm32f3xx_hal_msp.o
                0x080032c4                HAL_UART_MspInit
 .text.HAL_UART_MspDeInit
                0x0800330c       0x28 Src\stm32f3xx_hal_msp.o
                0x0800330c                HAL_UART_MspDeInit
 .text.SysTick_Handler
                0x08003334        0xe Src\stm32f3xx_it.o
                0x08003334                SysTick_Handler
 .text.EXTI15_10_IRQHandler
                0x08003342        0x8 Src\stm32f3xx_it.o
                0x08003342                EXTI15_10_IRQHandler
 *fill*         0x0800334a        0x2 
 .text.SystemInit
                0x0800334c       0x68 Src\system_stm32f3xx.o
                0x0800334c                SystemInit
 .text.Reset_Handler
                0x080033b4       0x50 startup\startup_stm32f303xe.o
                0x080033b4                Reset_Handler
 .text.Default_Handler
                0x08003404        0x2 startup\startup_stm32f303xe.o
                0x08003404                RTC_Alarm_IRQHandler
                0x08003404                TIM8_TRG_COM_IRQHandler
                0x08003404                TIM8_CC_IRQHandler
                0x08003404                DebugMon_Handler
                0x08003404                SPI4_IRQHandler
                0x08003404                TIM1_CC_IRQHandler
                0x08003404                HardFault_Handler
                0x08003404                USB_HP_IRQHandler
                0x08003404                PVD_IRQHandler
                0x08003404                TAMP_STAMP_IRQHandler
                0x08003404                PendSV_Handler
                0x08003404                NMI_Handler
                0x08003404                EXTI3_IRQHandler
                0x08003404                I2C3_ER_IRQHandler
                0x08003404                USB_HP_CAN_TX_IRQHandler
                0x08003404                EXTI0_IRQHandler
                0x08003404                I2C2_EV_IRQHandler
                0x08003404                FPU_IRQHandler
                0x08003404                TIM1_UP_TIM16_IRQHandler
                0x08003404                UsageFault_Handler
                0x08003404                ADC1_2_IRQHandler
                0x08003404                SPI1_IRQHandler
                0x08003404                CAN_SCE_IRQHandler
                0x08003404                TIM6_DAC_IRQHandler
                0x08003404                TIM8_UP_IRQHandler
                0x08003404                DMA2_Channel2_IRQHandler
                0x08003404                DMA1_Channel4_IRQHandler
                0x08003404                TIM20_TRG_COM_IRQHandler
                0x08003404                USART3_IRQHandler
                0x08003404                DMA1_Channel7_IRQHandler
                0x08003404                UART5_IRQHandler
                0x08003404                ADC3_IRQHandler
                0x08003404                TIM4_IRQHandler
                0x08003404                CAN_RX1_IRQHandler
                0x08003404                DMA2_Channel1_IRQHandler
                0x08003404                I2C1_EV_IRQHandler
                0x08003404                DMA1_Channel6_IRQHandler
                0x08003404                UART4_IRQHandler
                0x08003404                DMA2_Channel4_IRQHandler
                0x08003404                TIM3_IRQHandler
                0x08003404                RCC_IRQHandler
                0x08003404                TIM20_UP_IRQHandler
                0x08003404                DMA1_Channel1_IRQHandler
                0x08003404                Default_Handler
                0x08003404                USBWakeUp_RMP_IRQHandler
                0x08003404                TIM7_IRQHandler
                0x08003404                I2C3_EV_IRQHandler
                0x08003404                EXTI9_5_IRQHandler
                0x08003404                RTC_WKUP_IRQHandler
                0x08003404                SPI2_IRQHandler
                0x08003404                USB_LP_CAN_RX0_IRQHandler
                0x08003404                MemManage_Handler
                0x08003404                SVC_Handler
                0x08003404                DMA2_Channel5_IRQHandler
                0x08003404                DMA1_Channel5_IRQHandler
                0x08003404                USB_LP_IRQHandler
                0x08003404                EXTI4_IRQHandler
                0x08003404                TIM1_TRG_COM_TIM17_IRQHandler
                0x08003404                DMA1_Channel3_IRQHandler
                0x08003404                ADC4_IRQHandler
                0x08003404                WWDG_IRQHandler
                0x08003404                TIM2_IRQHandler
                0x08003404                COMP7_IRQHandler
                0x08003404                COMP1_2_3_IRQHandler
                0x08003404                EXTI1_IRQHandler
                0x08003404                USART2_IRQHandler
                0x08003404                COMP4_5_6_IRQHandler
                0x08003404                TIM20_BRK_IRQHandler
                0x08003404                I2C2_ER_IRQHandler
                0x08003404                DMA1_Channel2_IRQHandler
                0x08003404                TIM8_BRK_IRQHandler
                0x08003404                FLASH_IRQHandler
                0x08003404                TIM20_CC_IRQHandler
                0x08003404                BusFault_Handler
                0x08003404                USART1_IRQHandler
                0x08003404                SPI3_IRQHandler
                0x08003404                I2C1_ER_IRQHandler
                0x08003404                FMC_IRQHandler
                0x08003404                USBWakeUp_IRQHandler
                0x08003404                DMA2_Channel3_IRQHandler
                0x08003404                EXTI2_TSC_IRQHandler
                0x08003404                TIM1_BRK_TIM15_IRQHandler
 *fill*         0x08003406        0x2 
 .text.__libc_init_array
                0x08003408       0x48 c:/program files (x86)/atollic/truestudio for stm32 9.3.0/armtools/bin/../lib/gcc/arm-atollic-eabi/6.3.1/../../../../arm-atollic-eabi/lib/armv7e-m/fpu\libc_nano.a(lib_a-init.o)
                0x08003408                __libc_init_array
 .text.memcpy   0x08003450       0x16 c:/program files (x86)/atollic/truestudio for stm32 9.3.0/armtools/bin/../lib/gcc/arm-atollic-eabi/6.3.1/../../../../arm-atollic-eabi/lib/armv7e-m/fpu\libc_nano.a(lib_a-memcpy-stub.o)
                0x08003450                memcpy
 .text.memset   0x08003466       0x10 c:/program files (x86)/atollic/truestudio for stm32 9.3.0/armtools/bin/../lib/gcc/arm-atollic-eabi/6.3.1/../../../../arm-atollic-eabi/lib/armv7e-m/fpu\libc_nano.a(lib_a-memset.o)
                0x08003466                memset
 *fill*         0x08003476        0x2 
 .text.snprintf
                0x08003478       0x68 c:/program files (x86)/atollic/truestudio for stm32 9.3.0/armtools/bin/../lib/gcc/arm-atollic-eabi/6.3.1/../../../../arm-atollic-eabi/lib/armv7e-m/fpu\libc_nano.a(lib_a-snprintf.o)
                0x08003478                sniprintf
                0x08003478                snprintf
 .text.strncpy  0x080034e0       0x2a c:/program files (x86)/atollic/truestudio for stm32 9.3.0/armtools/bin/../lib/gcc/arm-atollic-eabi/6.3.1/../../../../arm-atollic-eabi/lib/armv7e-m/fpu\libc_nano.a(lib_a-strncpy.o)
                0x080034e0                strncpy
 .text.__ssputs_r
                0x0800350a       0xb6 c:/program files (x86)/atollic/truestudio for stm32 9.3.0/armtools/bin/../lib/gcc/arm-atollic-eabi/6.3.1/../../../../arm-atollic-eabi/lib/armv7e-m/fpu\libc_nano.a(lib_a-nano-svfprintf.o)
                0x0800350a                __ssputs_r
 .text._svfprintf_r
                0x080035c0      0x1e8 c:/program files (x86)/atollic/truestudio for stm32 9.3.0/armtools/bin/../lib/gcc/arm-atollic-eabi/6.3.1/../../../../arm-atollic-eabi/lib/armv7e-m/fpu\libc_nano.a(lib_a-nano-svfprintf.o)
                0x080035c0                _svfiprintf_r
                0x080035c0                _svfprintf_r
 .text._printf_common
                0x080037a8       0xec c:/program files (x86)/atollic/truestudio for stm32 9.3.0/armtools/bin/../lib/gcc/arm-atollic-eabi/6.3.1/../../../../arm-atollic-eabi/lib/armv7e-m/fpu\libc_nano.a(lib_a-nano-vfprintf_i.o)
                0x080037a8                _printf_common
 .text._printf_i
                0x08003894      0x240 c:/program files (x86)/atollic/truestudio for stm32 9.3.0/armtools/bin/../lib/gcc/arm-atollic-eabi/6.3.1/../../../../arm-atollic-eabi/lib/armv7e-m/fpu\libc_nano.a(lib_a-nano-vfprintf_i.o)
                0x08003894                _printf_i
 .text.memmove  0x08003ad4       0x34 c:/program files (x86)/atollic/truestudio for stm32 9.3.0/armtools/bin/../lib/gcc/arm-atollic-eabi/6.3.1/../../../../arm-atollic-eabi/lib/armv7e-m/fpu\libc_nano.a(lib_a-memmove.o)
                0x08003ad4                memmove
 .text._free_r  0x08003b08       0x9c c:/program files (x86)/atollic/truestudio for stm32 9.3.0/armtools/bin/../lib/gcc/arm-atollic-eabi/6.3.1/../../../../arm-atollic-eabi/lib/armv7e-m/fpu\libc_nano.a(lib_a-nano-freer.o)
                0x08003b08                _free_r
 .text._malloc_r
                0x08003ba4       0xbc c:/program files (x86)/atollic/truestudio for stm32 9.3.0/armtools/bin/../lib/gcc/arm-atollic-eabi/6.3.1/../../../../arm-atollic-eabi/lib/armv7e-m/fpu\libc_nano.a(lib_a-nano-mallocr.o)
                0x08003ba4                _malloc_r
 .text._realloc_r
                0x08003c60       0x4c c:/program files (x86)/atollic/truestudio for stm32 9.3.0/armtools/bin/../lib/gcc/arm-atollic-eabi/6.3.1/../../../../arm-atollic-eabi/lib/armv7e-m/fpu\libc_nano.a(lib_a-nano-reallocr.o)
                0x08003c60                _realloc_r
 .text._sbrk_r  0x08003cac       0x20 c:/program files (x86)/atollic/truestudio for stm32 9.3.0/armtools/bin/../lib/gcc/arm-atollic-eabi/6.3.1/../../../../arm-atollic-eabi/lib/armv7e-m/fpu\libc_nano.a(lib_a-sbrkr.o)
                0x08003cac                _sbrk_r
 .text.__malloc_lock
                0x08003ccc        0x2 c:/program files (x86)/atollic/truestudio for stm32 9.3.0/armtools/bin/../lib/gcc/arm-atollic-eabi/6.3.1/../../../../arm-atollic-eabi/lib/armv7e-m/fpu\libc_nano.a(lib_a-mlock.o)
                0x08003ccc                __malloc_lock
 .text.__malloc_unlock
                0x08003cce        0x2 c:/program files (x86)/atollic/truestudio for stm32 9.3.0/armtools/bin/../lib/gcc/arm-atollic-eabi/6.3.1/../../../../arm-atollic-eabi/lib/armv7e-m/fpu\libc_nano.a(lib_a-mlock.o)
                0x08003cce                __malloc_unlock
 .text._malloc_usable_size_r
                0x08003cd0       0x12 c:/program files (x86)/atollic/truestudio for stm32 9.3.0/armtools/bin/../lib/gcc/arm-atollic-eabi/6.3.1/../../../../arm-atollic-eabi/lib/armv7e-m/fpu\libc_nano.a(lib_a-nano-msizer.o)
                0x08003cd0                _malloc_usable_size_r
 *fill*         0x08003ce2        0x2 
 .text._sbrk    0x08003ce4       0x1c c:/program files (x86)/atollic/truestudio for stm32 9.3.0/armtools/bin/../lib/gcc/arm-atollic-eabi/6.3.1/../../../../arm-atollic-eabi/lib/armv7e-m/fpu\libnosys.a(sbrk.o)
                0x08003ce4                _sbrk
 *(.glue_7)
 .glue_7        0x08003d00        0x0 linker stubs
 *(.glue_7t)
 .glue_7t       0x08003d00        0x0 linker stubs
 *(.eh_frame)
 .eh_frame      0x08003d00        0x0 c:/program files (x86)/atollic/truestudio for stm32 9.3.0/armtools/bin/../lib/gcc/arm-atollic-eabi/6.3.1/armv7e-m/fpu/crtbegin.o
 *(.init)
 .init          0x08003d00        0x4 c:/program files (x86)/atollic/truestudio for stm32 9.3.0/armtools/bin/../lib/gcc/arm-atollic-eabi/6.3.1/armv7e-m/fpu/crti.o
                0x08003d00                _init
 .init          0x08003d04        0x8 c:/program files (x86)/atollic/truestudio for stm32 9.3.0/armtools/bin/../lib/gcc/arm-atollic-eabi/6.3.1/armv7e-m/fpu/crtn.o
 *(.fini)
 .fini          0x08003d0c        0x4 c:/program files (x86)/atollic/truestudio for stm32 9.3.0/armtools/bin/../lib/gcc/arm-atollic-eabi/6.3.1/armv7e-m/fpu/crti.o
                0x08003d0c                _fini
 .fini          0x08003d10        0x8 c:/program files (x86)/atollic/truestudio for stm32 9.3.0/armtools/bin/../lib/gcc/arm-atollic-eabi/6.3.1/armv7e-m/fpu/crtn.o
                0x08003d18                . = ALIGN (0x4)
                0x08003d18                _etext = .

.vfp11_veneer   0x08003d18        0x0
 .vfp11_veneer  0x08003d18        0x0 linker stubs

.v4_bx          0x08003d18        0x0
 .v4_bx         0x08003d18        0x0 linker stubs

.iplt           0x08003d18        0x0
 .iplt          0x08003d18        0x0 c:/program files (x86)/atollic/truestudio for stm32 9.3.0/armtools/bin/../lib/gcc/arm-atollic-eabi/6.3.1/armv7e-m/fpu/crtbegin.o

.rodata         0x08003d18      0x344
                0x08003d18                . = ALIGN (0x4)
 *(.rodata)
 *(.rodata*)
 .rodata.aPLLMULFactorTable
                0x08003d18       0x10 Drivers\STM32F3xx_HAL_Driver\Src\stm32f3xx_hal_rcc.o
                0x08003d18                aPLLMULFactorTable
 .rodata.aPredivFactorTable
                0x08003d28       0x10 Drivers\STM32F3xx_HAL_Driver\Src\stm32f3xx_hal_rcc.o
                0x08003d28                aPredivFactorTable
 .rodata.CSWTCH.45
                0x08003d38        0x4 Drivers\STM32F3xx_HAL_Driver\Src\stm32f3xx_hal_uart.o
 .rodata.C.8971
                0x08003d3c        0x5 Src\epaper_1in02d.o
 *fill*         0x08003d41        0x3 
 .rodata.CSWTCH.11
                0x08003d44      0x144 Src\epaper_1in02d.o
 .rodata.EPD_SendCommand.str1.1
                0x08003e88       0x17 Src\epaper_1in02d.o
 .rodata.M.8972
                0x08003e9f        0x5 Src\epaper_1in02d.o
 .rodata.T.8973
                0x08003ea4        0x5 Src\epaper_1in02d.o
 .rodata.U.8974
                0x08003ea9        0x5 Src\epaper_1in02d.o
 .rodata.colon.8978
                0x08003eae        0x5 Src\epaper_1in02d.o
 .rodata.dot.8979
                0x08003eb3        0x5 Src\epaper_1in02d.o
 .rodata.e.8975
                0x08003eb8        0x5 Src\epaper_1in02d.o
 .rodata.eight.8969
                0x08003ebd        0x5 Src\epaper_1in02d.o
 .rodata.five.8966
                0x08003ec2        0x5 Src\epaper_1in02d.o
 .rodata.four.8965
                0x08003ec7        0x5 Src\epaper_1in02d.o
 .rodata.lut_b_partial
                0x08003ecc       0x2a Src\epaper_1in02d.o
 .rodata.lut_w_partial
                0x08003ef6       0x2a Src\epaper_1in02d.o
 .rodata.m.8976
                0x08003f20        0x5 Src\epaper_1in02d.o
 .rodata.minus.8980
                0x08003f25        0x5 Src\epaper_1in02d.o
 .rodata.nine.8970
                0x08003f2a        0x5 Src\epaper_1in02d.o
 .rodata.one.8962
                0x08003f2f        0x5 Src\epaper_1in02d.o
 .rodata.p.8977
                0x08003f34        0x5 Src\epaper_1in02d.o
 .rodata.seven.8968
                0x08003f39        0x5 Src\epaper_1in02d.o
 .rodata.six.8967
                0x08003f3e        0x5 Src\epaper_1in02d.o
 .rodata.space.8960
                0x08003f43        0x5 Src\epaper_1in02d.o
 .rodata.three.8964
                0x08003f48        0x5 Src\epaper_1in02d.o
 .rodata.two.8963
                0x08003f4d        0x5 Src\epaper_1in02d.o
 .rodata.zero.8961
                0x08003f52        0x5 Src\epaper_1in02d.o
 .rodata.UART_PrintLine.str1.1
                0x08003f57        0x3 Src\main.o
 .rodata.main.str1.1
                0x08003f5a       0xb6 Src\main.o
 .rodata.AHBPrescTable
                0x08004010       0x10 Src\system_stm32f3xx.o
                0x08004010                AHBPrescTable
 .rodata.APBPrescTable
                0x08004020        0x8 Src\system_stm32f3xx.o
                0x08004020                APBPrescTable
 .rodata._svfprintf_r.str1.1
                0x08004028       0x11 c:/program files (x86)/atollic/truestudio for stm32 9.3.0/armtools/bin/../lib/gcc/arm-atollic-eabi/6.3.1/../../../../arm-atollic-eabi/lib/armv7e-m/fpu\libc_nano.a(lib_a-nano-svfprintf.o)
 .rodata._printf_i.str1.1
                0x08004039       0x22 c:/program files (x86)/atollic/truestudio for stm32 9.3.0/armtools/bin/../lib/gcc/arm-atollic-eabi/6.3.1/../../../../arm-atollic-eabi/lib/armv7e-m/fpu\libc_nano.a(lib_a-nano-vfprintf_i.o)
                0x0800405c                . = ALIGN (0x4)
 *fill*         0x0800405b        0x1 

.rel.dyn        0x0800405c        0x0
 .rel.iplt      0x0800405c        0x0 c:/program files (x86)/atollic/truestudio for stm32 9.3.0/armtools/bin/../lib/gcc/arm-atollic-eabi/6.3.1/armv7e-m/fpu/crtbegin.o

.ARM.extab
 *(.ARM.extab* .gnu.linkonce.armextab.*)

.ARM            0x0800405c        0x0
                0x0800405c                __exidx_start = .
 *(.ARM.exidx*)
                0x0800405c                __exidx_end = .

.preinit_array  0x0800405c        0x0
                0x0800405c                PROVIDE (__preinit_array_start, .)
 *(.preinit_array*)
                0x0800405c                PROVIDE (__preinit_array_end, .)

.init_array     0x0800405c        0x4
                0x0800405c                PROVIDE (__init_array_start, .)
 *(SORT(.init_array.*))
 *(.init_array*)
 .init_array    0x0800405c        0x4 c:/program files (x86)/atollic/truestudio for stm32 9.3.0/armtools/bin/../lib/gcc/arm-atollic-eabi/6.3.1/armv7e-m/fpu/crtbegin.o
                0x08004060                PROVIDE (__init_array_end, .)

.fini_array     0x08004060        0x4
                [!provide]                PROVIDE (__fini_array_start, .)
 *(SORT(.fini_array.*))
 *(.fini_array*)
 .fini_array    0x08004060        0x4 c:/program files (x86)/atollic/truestudio for stm32 9.3.0/armtools/bin/../lib/gcc/arm-atollic-eabi/6.3.1/armv7e-m/fpu/crtbegin.o
                [!provide]                PROVIDE (__fini_array_end, .)
                0x08004064                _sidata = LOADADDR (.data)

.data           0x20000000       0x68 load address 0x08004064
                0x20000000                . = ALIGN (0x4)
                0x20000000                _sdata = .
 *(.data)
 *(.data*)
 .data.SystemCoreClock
                0x20000000        0x4 Src\system_stm32f3xx.o
                0x20000000                SystemCoreClock
 .data._impure_ptr
                0x20000004        0x4 c:/program files (x86)/atollic/truestudio for stm32 9.3.0/armtools/bin/../lib/gcc/arm-atollic-eabi/6.3.1/../../../../arm-atollic-eabi/lib/armv7e-m/fpu\libc_nano.a(lib_a-impure.o)
                0x20000004                _impure_ptr
 .data.impure_data
                0x20000008       0x60 c:/program files (x86)/atollic/truestudio for stm32 9.3.0/armtools/bin/../lib/gcc/arm-atollic-eabi/6.3.1/../../../../arm-atollic-eabi/lib/armv7e-m/fpu\libc_nano.a(lib_a-impure.o)
                0x20000068                . = ALIGN (0x4)
                0x20000068                _edata = .
                0x080040cc                _siccmram = LOADADDR (.ccmram)

.igot.plt       0x20000068        0x0 load address 0x080040cc
 .igot.plt      0x20000068        0x0 c:/program files (x86)/atollic/truestudio for stm32 9.3.0/armtools/bin/../lib/gcc/arm-atollic-eabi/6.3.1/armv7e-m/fpu/crtbegin.o

.ccmram         0x10000000        0x0 load address 0x080040cc
                0x10000000                . = ALIGN (0x4)
                0x10000000                _sccmram = .
 *(.ccmram)
 *(.ccmram*)
                0x10000000                . = ALIGN (0x4)
                0x10000000                _eccmram = .
                0x10000000                . = ALIGN (0x4)

.bss            0x20000068      0xb7c
                0x20000068                _sbss = .
                0x20000068                __bss_start__ = _sbss
 *(.bss)
 .bss           0x20000068       0x1c c:/program files (x86)/atollic/truestudio for stm32 9.3.0/armtools/bin/../lib/gcc/arm-atollic-eabi/6.3.1/armv7e-m/fpu/crtbegin.o
 *(.bss*)
 .bss.epd_buffer
                0x20000084      0x500 Src\epaper_1in02d.o
 .bss.epd_prev_buffer
                0x20000584      0x500 Src\epaper_1in02d.o
 .bss.epd_prev_valid
                0x20000a84        0x1 Src\epaper_1in02d.o
 .bss.g_epd_stop_request
                0x20000a85        0x1 Src\main.o
                0x20000a85                g_epd_stop_request
 .bss.last_text.9424
                0x20000a86       0x20 Src\main.o
 *fill*         0x20000aa6        0x2 
 .bss.__malloc_free_list
                0x20000aa8        0x4 c:/program files (x86)/atollic/truestudio for stm32 9.3.0/armtools/bin/../lib/gcc/arm-atollic-eabi/6.3.1/../../../../arm-atollic-eabi/lib/armv7e-m/fpu\libc_nano.a(lib_a-nano-mallocr.o)
                0x20000aa8                __malloc_free_list
 .bss.__malloc_sbrk_start
                0x20000aac        0x4 c:/program files (x86)/atollic/truestudio for stm32 9.3.0/armtools/bin/../lib/gcc/arm-atollic-eabi/6.3.1/../../../../arm-atollic-eabi/lib/armv7e-m/fpu\libc_nano.a(lib_a-nano-mallocr.o)
                0x20000aac                __malloc_sbrk_start
 .bss.heap_end.5239
                0x20000ab0        0x4 c:/program files (x86)/atollic/truestudio for stm32 9.3.0/armtools/bin/../lib/gcc/arm-atollic-eabi/6.3.1/../../../../arm-atollic-eabi/lib/armv7e-m/fpu\libnosys.a(sbrk.o)
 *(COMMON)
 COMMON         0x20000ab4        0x4 Drivers\STM32F3xx_HAL_Driver\Src\stm32f3xx_hal.o
                0x20000ab4                uwTick
 COMMON         0x20000ab8      0x128 Src\main.o
                0x20000ab8                hadc1
                0x20000b0c                hspi1
                0x20000b70                huart2
 COMMON         0x20000be0        0x4 c:/program files (x86)/atollic/truestudio for stm32 9.3.0/armtools/bin/../lib/gcc/arm-atollic-eabi/6.3.1/../../../../arm-atollic-eabi/lib/armv7e-m/fpu\libc_nano.a(lib_a-reent.o)
                0x20000be0                errno
                0x20000be4                . = ALIGN (0x4)
                0x20000be4                _ebss = .
                0x20000be4                __bss_end__ = _ebss

._user_heap_stack
                0x20000be4      0x600
                0x20000be4                . = ALIGN (0x4)
                0x20000be4                PROVIDE (end, .)
                [!provide]                PROVIDE (_end, .)
                0x20000de4                . = (. + _Min_Heap_Size)
 *fill*         0x20000be4      0x200 
                0x200011e4                . = (. + _Min_Stack_Size)
 *fill*         0x20000de4      0x400 
                0x200011e4                . = ALIGN (0x4)

/DISCARD/
 libc.a(*)
 libm.a(*)
 libgcc.a(*)

.ARM.attributes
                0x00000000       0x30
 *(.ARM.attributes)
 .ARM.attributes
                0x00000000       0x22 c:/program files (x86)/atollic/truestudio for stm32 9.3.0/armtools/bin/../lib/gcc/arm-atollic-eabi/6.3.1/armv7e-m/fpu/crti.o
 .ARM.attributes
                0x00000022       0x34 c:/program files (x86)/atollic/truestudio for stm32 9.3.0/armtools/bin/../lib/gcc/arm-atollic-eabi/6.3.1/armv7e-m/fpu/crtbegin.o
 .ARM.attributes
                0x00000056       0x39 Drivers\STM32F3xx_HAL_Driver\Src\stm32f3xx_hal.o
 .ARM.attributes
                0x0000008f       0x39 Drivers\STM32F3xx_HAL_Driver\Src\stm32f3xx_hal_adc_ex.o
 .ARM.attributes
                0x000000c8       0x39 Drivers\STM32F3xx_HAL_Driver\Src\stm32f3xx_hal_cortex.o
 .ARM.attributes
                0x00000101       0x39 Drivers\STM32F3xx_HAL_Driver\Src\stm32f3xx_hal_gpio.o
 .ARM.attributes
                0x0000013a       0x39 Drivers\STM32F3xx_HAL_Driver\Src\stm32f3xx_hal_pwr.o
 .ARM.attributes
                0x00000173       0x39 Drivers\STM32F3xx_HAL_Driver\Src\stm32f3xx_hal_rcc.o
 .ARM.attributes
                0x000001ac       0x39 Drivers\STM32F3xx_HAL_Driver\Src\stm32f3xx_hal_rcc_ex.o
 .ARM.attributes
                0x000001e5       0x39 Drivers\STM32F3xx_HAL_Driver\Src\stm32f3xx_hal_spi.o
 .ARM.attributes
                0x0000021e       0x39 Drivers\STM32F3xx_HAL_Driver\Src\stm32f3xx_hal_uart.o
 .ARM.attributes
                0x00000257       0x39 Src\epaper_1in02d.o
 .ARM.attributes
                0x00000290       0x39 Src\main.o
 .ARM.attributes
                0x000002c9       0x39 Src\stm32f3xx_hal_msp.o
 .ARM.attributes
                0x00000302       0x39 Src\stm32f3xx_it.o
 .ARM.attributes
                0x0000033b       0x39 Src\system_stm32f3xx.o
 .ARM.attributes
                0x00000374       0x21 startup\startup_stm32f303xe.o
 .ARM.attributes
                0x00000395       0x34 c:/program files (x86)/atollic/truestudio for stm32 9.3.0/armtools/bin/../lib/gcc/arm-atollic-eabi/6.3.1/../../../../arm-atollic-eabi/lib/armv7e-m/fpu\libc_nano.a(lib_a-init.o)
 .ARM.attributes
                0x000003c9       0x34 c:/program files (x86)/atollic/truestudio for stm32 9.3.0/armtools/bin/../lib/gcc/arm-atollic-eabi/6.3.1/../../../../arm-atollic-eabi/lib/armv7e-m/fpu\libc_nano.a(lib_a-memcpy-stub.o)
 .ARM.attributes
                0x000003fd       0x34 c:/program files (x86)/atollic/truestudio for stm32 9.3.0/armtools/bin/../lib/gcc/arm-atollic-eabi/6.3.1/../../../../arm-atollic-eabi/lib/armv7e-m/fpu\libc_nano.a(lib_a-memset.o)
 .ARM.attributes
                0x00000431       0x34 c:/program files (x86)/atollic/truestudio for stm32 9.3.0/armtools/bin/../lib/gcc/arm-atollic-eabi/6.3.1/../../../../arm-atollic-eabi/lib/armv7e-m/fpu\libc_nano.a(lib_a-snprintf.o)
 .ARM.attributes
                0x00000465       0x1b c:/program files (x86)/atollic/truestudio for stm32 9.3.0/armtools/bin/../lib/gcc/arm-atollic-eabi/6.3.1/../../../../arm-atollic-eabi/lib/armv7e-m/fpu\libc_nano.a(lib_a-strlen.o)
 .ARM.attributes
                0x00000480       0x34 c:/program files (x86)/atollic/truestudio for stm32 9.3.0/armtools/bin/../lib/gcc/arm-atollic-eabi/6.3.1/../../../../arm-atollic-eabi/lib/armv7e-m/fpu\libc_nano.a(lib_a-strncpy.o)
 .ARM.attributes
                0x000004b4       0x34 c:/program files (x86)/atollic/truestudio for stm32 9.3.0/armtools/bin/../lib/gcc/arm-atollic-eabi/6.3.1/../../../../arm-atollic-eabi/lib/armv7e-m/fpu\libc_nano.a(lib_a-impure.o)
 .ARM.attributes
                0x000004e8       0x34 c:/program files (x86)/atollic/truestudio for stm32 9.3.0/armtools/bin/../lib/gcc/arm-atollic-eabi/6.3.1/../../../../arm-atollic-eabi/lib/armv7e-m/fpu\libc_nano.a(lib_a-nano-svfprintf.o)
 .ARM.attributes
                0x0000051c       0x34 c:/program files (x86)/atollic/truestudio for stm32 9.3.0/armtools/bin/../lib/gcc/arm-atollic-eabi/6.3.1/../../../../arm-atollic-eabi/lib/armv7e-m/fpu\libc_nano.a(lib_a-nano-vfprintf_i.o)
 .ARM.attributes
                0x00000550       0x20 c:/program files (x86)/atollic/truestudio for stm32 9.3.0/armtools/bin/../lib/gcc/arm-atollic-eabi/6.3.1/../../../../arm-atollic-eabi/lib/armv7e-m/fpu\libc_nano.a(lib_a-memchr.o)
 .ARM.attributes
                0x00000570       0x34 c:/program files (x86)/atollic/truestudio for stm32 9.3.0/armtools/bin/../lib/gcc/arm-atollic-eabi/6.3.1/../../../../arm-atollic-eabi/lib/armv7e-m/fpu\libc_nano.a(lib_a-memmove.o)
 .ARM.attributes
                0x000005a4       0x34 c:/program files (x86)/atollic/truestudio for stm32 9.3.0/armtools/bin/../lib/gcc/arm-atollic-eabi/6.3.1/../../../../arm-atollic-eabi/lib/armv7e-m/fpu\libc_nano.a(lib_a-nano-freer.o)
 .ARM.attributes
                0x000005d8       0x34 c:/program files (x86)/atollic/truestudio for stm32 9.3.0/armtools/bin/../lib/gcc/arm-atollic-eabi/6.3.1/../../../../arm-atollic-eabi/lib/armv7e-m/fpu\libc_nano.a(lib_a-nano-mallocr.o)
 .ARM.attributes
                0x0000060c       0x34 c:/program files (x86)/atollic/truestudio for stm32 9.3.0/armtools/bin/../lib/gcc/arm-atollic-eabi/6.3.1/../../../../arm-atollic-eabi/lib/armv7e-m/fpu\libc_nano.a(lib_a-nano-reallocr.o)
 .ARM.attributes
                0x00000640       0x34 c:/program files (x86)/atollic/truestudio for stm32 9.3.0/armtools/bin/../lib/gcc/arm-atollic-eabi/6.3.1/../../../../arm-atollic-eabi/lib/armv7e-m/fpu\libc_nano.a(lib_a-sbrkr.o)
 .ARM.attributes
                0x00000674       0x34 c:/program files (x86)/atollic/truestudio for stm32 9.3.0/armtools/bin/../lib/gcc/arm-atollic-eabi/6.3.1/../../../../arm-atollic-eabi/lib/armv7e-m/fpu\libc_nano.a(lib_a-mlock.o)
 .ARM.attributes
                0x000006a8       0x34 c:/program files (x86)/atollic/truestudio for stm32 9.3.0/armtools/bin/../lib/gcc/arm-atollic-eabi/6.3.1/../../../../arm-atollic-eabi/lib/armv7e-m/fpu\libc_nano.a(lib_a-nano-msizer.o)
 .ARM.attributes
                0x000006dc       0x34 c:/program files (x86)/atollic/truestudio for stm32 9.3.0/armtools/bin/../lib/gcc/arm-atollic-eabi/6.3.1/../../../../arm-atollic-eabi/lib/armv7e-m/fpu\libc_nano.a(lib_a-reent.o)
 .ARM.attributes
                0x00000710       0x34 c:/program files (x86)/atollic/truestudio for stm32 9.3.0/armtools/bin/../lib/gcc/arm-atollic-eabi/6.3.1/../../../../arm-atollic-eabi/lib/armv7e-m/fpu\libnosys.a(sbrk.o)
 .ARM.attributes
                0x00000744       0x22 c:/program files (x86)/atollic/truestudio for stm32 9.3.0/armtools/bin/../lib/gcc/arm-atollic-eabi/6.3.1/armv7e-m/fpu/crtn.o
OUTPUT(temp.elf elf32-littlearm)

.debug_info     0x00000000    0x15898
 .debug_info    0x00000000      0xfe0 Drivers\STM32F3xx_HAL_Driver\Src\stm32f3xx_hal.o
 .debug_info    0x00000fe0     0x2279 Drivers\STM32F3xx_HAL_Driver\Src\stm32f3xx_hal_adc_ex.o
 .debug_info    0x00003259     0x16de Drivers\STM32F3xx_HAL_Driver\Src\stm32f3xx_hal_cortex.o
 .debug_info    0x00004937      0xf98 Drivers\STM32F3xx_HAL_Driver\Src\stm32f3xx_hal_gpio.o
 .debug_info    0x000058cf      0xdc8 Drivers\STM32F3xx_HAL_Driver\Src\stm32f3xx_hal_pwr.o
 .debug_info    0x00006697     0x1afd Drivers\STM32F3xx_HAL_Driver\Src\stm32f3xx_hal_rcc.o
 .debug_info    0x00008194      0xf53 Drivers\STM32F3xx_HAL_Driver\Src\stm32f3xx_hal_rcc_ex.o
 .debug_info    0x000090e7     0x27f3 Drivers\STM32F3xx_HAL_Driver\Src\stm32f3xx_hal_spi.o
 .debug_info    0x0000b8da     0x2221 Drivers\STM32F3xx_HAL_Driver\Src\stm32f3xx_hal_uart.o
 .debug_info    0x0000dafb     0x2057 Src\epaper_1in02d.o
 .debug_info    0x0000fb52     0x2c6c Src\main.o
 .debug_info    0x000127be     0x1aa3 Src\stm32f3xx_hal_msp.o
 .debug_info    0x00014261      0x9b8 Src\stm32f3xx_it.o
 .debug_info    0x00014c19      0xc20 Src\system_stm32f3xx.o
 .debug_info    0x00015839       0x5f startup\startup_stm32f303xe.o

.debug_abbrev   0x00000000     0x2993
 .debug_abbrev  0x00000000      0x2b3 Drivers\STM32F3xx_HAL_Driver\Src\stm32f3xx_hal.o
 .debug_abbrev  0x000002b3      0x34a Drivers\STM32F3xx_HAL_Driver\Src\stm32f3xx_hal_adc_ex.o
 .debug_abbrev  0x000005fd      0x37d Drivers\STM32F3xx_HAL_Driver\Src\stm32f3xx_hal_cortex.o
 .debug_abbrev  0x0000097a      0x268 Drivers\STM32F3xx_HAL_Driver\Src\stm32f3xx_hal_gpio.o
 .debug_abbrev  0x00000be2      0x202 Drivers\STM32F3xx_HAL_Driver\Src\stm32f3xx_hal_pwr.o
 .debug_abbrev  0x00000de4      0x345 Drivers\STM32F3xx_HAL_Driver\Src\stm32f3xx_hal_rcc.o
 .debug_abbrev  0x00001129      0x329 Drivers\STM32F3xx_HAL_Driver\Src\stm32f3xx_hal_rcc_ex.o
 .debug_abbrev  0x00001452      0x389 Drivers\STM32F3xx_HAL_Driver\Src\stm32f3xx_hal_spi.o
 .debug_abbrev  0x000017db      0x384 Drivers\STM32F3xx_HAL_Driver\Src\stm32f3xx_hal_uart.o
 .debug_abbrev  0x00001b5f      0x421 Src\epaper_1in02d.o
 .debug_abbrev  0x00001f80      0x44f Src\main.o
 .debug_abbrev  0x000023cf      0x22a Src\stm32f3xx_hal_msp.o
 .debug_abbrev  0x000025f9      0x1be Src\stm32f3xx_it.o
 .debug_abbrev  0x000027b7      0x1ca Src\system_stm32f3xx.o
 .debug_abbrev  0x00002981       0x12 startup\startup_stm32f303xe.o

.debug_loc      0x00000000     0x69ce
 .debug_loc     0x00000000       0x69 Drivers\STM32F3xx_HAL_Driver\Src\stm32f3xx_hal.o
 .debug_loc     0x00000069     0x1a49 Drivers\STM32F3xx_HAL_Driver\Src\stm32f3xx_hal_adc_ex.o
 .debug_loc     0x00001ab2      0x4fb Drivers\STM32F3xx_HAL_Driver\Src\stm32f3xx_hal_cortex.o
 .debug_loc     0x00001fad      0x2b7 Drivers\STM32F3xx_HAL_Driver\Src\stm32f3xx_hal_gpio.o
 .debug_loc     0x00002264       0x8d Drivers\STM32F3xx_HAL_Driver\Src\stm32f3xx_hal_pwr.o
 .debug_loc     0x000022f1      0x92c Drivers\STM32F3xx_HAL_Driver\Src\stm32f3xx_hal_rcc.o
 .debug_loc     0x00002c1d      0x858 Drivers\STM32F3xx_HAL_Driver\Src\stm32f3xx_hal_rcc_ex.o
 .debug_loc     0x00003475     0x1888 Drivers\STM32F3xx_HAL_Driver\Src\stm32f3xx_hal_spi.o
 .debug_loc     0x00004cfd     0x1431 Drivers\STM32F3xx_HAL_Driver\Src\stm32f3xx_hal_uart.o
 .debug_loc     0x0000612e      0x40a Src\epaper_1in02d.o
 .debug_loc     0x00006538      0x307 Src\main.o
 .debug_loc     0x0000683f       0x9a Src\stm32f3xx_hal_msp.o
 .debug_loc     0x000068d9       0xf5 Src\system_stm32f3xx.o

.debug_aranges  0x00000000      0x968
 .debug_aranges
                0x00000000       0xc0 Drivers\STM32F3xx_HAL_Driver\Src\stm32f3xx_hal.o
 .debug_aranges
                0x000000c0      0x150 Drivers\STM32F3xx_HAL_Driver\Src\stm32f3xx_hal_adc_ex.o
 .debug_aranges
                0x00000210       0xa8 Drivers\STM32F3xx_HAL_Driver\Src\stm32f3xx_hal_cortex.o
 .debug_aranges
                0x000002b8       0x58 Drivers\STM32F3xx_HAL_Driver\Src\stm32f3xx_hal_gpio.o
 .debug_aranges
                0x00000310       0x78 Drivers\STM32F3xx_HAL_Driver\Src\stm32f3xx_hal_pwr.o
 .debug_aranges
                0x00000388       0x88 Drivers\STM32F3xx_HAL_Driver\Src\stm32f3xx_hal_rcc.o
 .debug_aranges
                0x00000410       0x38 Drivers\STM32F3xx_HAL_Driver\Src\stm32f3xx_hal_rcc_ex.o
 .debug_aranges
                0x00000448      0x198 Drivers\STM32F3xx_HAL_Driver\Src\stm32f3xx_hal_spi.o
 .debug_aranges
                0x000005e0      0x1a0 Drivers\STM32F3xx_HAL_Driver\Src\stm32f3xx_hal_uart.o
 .debug_aranges
                0x00000780       0x98 Src\epaper_1in02d.o
 .debug_aranges
                0x00000818       0x88 Src\main.o
 .debug_aranges
                0x000008a0       0x50 Src\stm32f3xx_hal_msp.o
 .debug_aranges
                0x000008f0       0x28 Src\stm32f3xx_it.o
 .debug_aranges
                0x00000918       0x28 Src\system_stm32f3xx.o
 .debug_aranges
                0x00000940       0x28 startup\startup_stm32f303xe.o

.debug_ranges   0x00000000      0xd18
 .debug_ranges  0x00000000       0xb0 Drivers\STM32F3xx_HAL_Driver\Src\stm32f3xx_hal.o
 .debug_ranges  0x000000b0      0x140 Drivers\STM32F3xx_HAL_Driver\Src\stm32f3xx_hal_adc_ex.o
 .debug_ranges  0x000001f0      0x138 Drivers\STM32F3xx_HAL_Driver\Src\stm32f3xx_hal_cortex.o
 .debug_ranges  0x00000328       0x68 Drivers\STM32F3xx_HAL_Driver\Src\stm32f3xx_hal_gpio.o
 .debug_ranges  0x00000390       0x68 Drivers\STM32F3xx_HAL_Driver\Src\stm32f3xx_hal_pwr.o
 .debug_ranges  0x000003f8      0x1f0 Drivers\STM32F3xx_HAL_Driver\Src\stm32f3xx_hal_rcc.o
 .debug_ranges  0x000005e8       0x90 Drivers\STM32F3xx_HAL_Driver\Src\stm32f3xx_hal_rcc_ex.o
 .debug_ranges  0x00000678      0x248 Drivers\STM32F3xx_HAL_Driver\Src\stm32f3xx_hal_spi.o
 .debug_ranges  0x000008c0      0x190 Drivers\STM32F3xx_HAL_Driver\Src\stm32f3xx_hal_uart.o
 .debug_ranges  0x00000a50       0xa0 Src\epaper_1in02d.o
 .debug_ranges  0x00000af0      0x148 Src\main.o
 .debug_ranges  0x00000c38       0x90 Src\stm32f3xx_hal_msp.o
 .debug_ranges  0x00000cc8       0x18 Src\stm32f3xx_it.o
 .debug_ranges  0x00000ce0       0x18 Src\system_stm32f3xx.o
 .debug_ranges  0x00000cf8       0x20 startup\startup_stm32f303xe.o

.debug_line     0x00000000     0x6390
 .debug_line    0x00000000      0x426 Drivers\STM32F3xx_HAL_Driver\Src\stm32f3xx_hal.o
 .debug_line    0x00000426     0x150d Drivers\STM32F3xx_HAL_Driver\Src\stm32f3xx_hal_adc_ex.o
 .debug_line    0x00001933      0x4c8 Drivers\STM32F3xx_HAL_Driver\Src\stm32f3xx_hal_cortex.o
 .debug_line    0x00001dfb      0x470 Drivers\STM32F3xx_HAL_Driver\Src\stm32f3xx_hal_gpio.o
 .debug_line    0x0000226b      0x35a Drivers\STM32F3xx_HAL_Driver\Src\stm32f3xx_hal_pwr.o
 .debug_line    0x000025c5      0x872 Drivers\STM32F3xx_HAL_Driver\Src\stm32f3xx_hal_rcc.o
 .debug_line    0x00002e37      0x596 Drivers\STM32F3xx_HAL_Driver\Src\stm32f3xx_hal_rcc_ex.o
 .debug_line    0x000033cd      0xd13 Drivers\STM32F3xx_HAL_Driver\Src\stm32f3xx_hal_spi.o
 .debug_line    0x000040e0      0xd5c Drivers\STM32F3xx_HAL_Driver\Src\stm32f3xx_hal_uart.o
 .debug_line    0x00004e3c      0x547 Src\epaper_1in02d.o
 .debug_line    0x00005383      0x6b5 Src\main.o
 .debug_line    0x00005a38      0x3c0 Src\stm32f3xx_hal_msp.o
 .debug_line    0x00005df8      0x2a7 Src\stm32f3xx_it.o
 .debug_line    0x0000609f      0x272 Src\system_stm32f3xx.o
 .debug_line    0x00006311       0x7f startup\startup_stm32f303xe.o

.debug_str      0x00000000     0x3bfe
 .debug_str     0x00000000      0xd2e Drivers\STM32F3xx_HAL_Driver\Src\stm32f3xx_hal.o
                                0xdc8 (size before relaxing)
 .debug_str     0x00000d2e      0xc12 Drivers\STM32F3xx_HAL_Driver\Src\stm32f3xx_hal_adc_ex.o
                               0x1343 (size before relaxing)
 .debug_str     0x00001940      0x3b7 Drivers\STM32F3xx_HAL_Driver\Src\stm32f3xx_hal_cortex.o
                               0x101b (size before relaxing)
 .debug_str     0x00001cf7      0x216 Drivers\STM32F3xx_HAL_Driver\Src\stm32f3xx_hal_gpio.o
                                0x933 (size before relaxing)
 .debug_str     0x00001f0d      0x19f Drivers\STM32F3xx_HAL_Driver\Src\stm32f3xx_hal_pwr.o
                                0x863 (size before relaxing)
 .debug_str     0x000020ac      0x2f2 Drivers\STM32F3xx_HAL_Driver\Src\stm32f3xx_hal_rcc.o
                                0xa92 (size before relaxing)
 .debug_str     0x0000239e      0x2b9 Drivers\STM32F3xx_HAL_Driver\Src\stm32f3xx_hal_rcc_ex.o
                                0xa26 (size before relaxing)
 .debug_str     0x00002657      0x739 Drivers\STM32F3xx_HAL_Driver\Src\stm32f3xx_hal_spi.o
                                0xfe0 (size before relaxing)
 .debug_str     0x00002d90      0x8c1 Drivers\STM32F3xx_HAL_Driver\Src\stm32f3xx_hal_uart.o
                               0x12af (size before relaxing)
 .debug_str     0x00003651      0x25b Src\epaper_1in02d.o
                                0xd23 (size before relaxing)
 .debug_str     0x000038ac      0x2ac Src\main.o
                               0x1d60 (size before relaxing)
 .debug_str     0x00003b58       0x1b Src\stm32f3xx_hal_msp.o
                               0x1497 (size before relaxing)
 .debug_str     0x00003b73       0x3b Src\stm32f3xx_it.o
                                0x697 (size before relaxing)
 .debug_str     0x00003bae       0x50 Src\system_stm32f3xx.o
                                0x717 (size before relaxing)

.comment        0x00000000       0x7c
 .comment       0x00000000       0x7c Drivers\STM32F3xx_HAL_Driver\Src\stm32f3xx_hal.o
                                 0x7d (size before relaxing)
 .comment       0x0000007c       0x7d Drivers\STM32F3xx_HAL_Driver\Src\stm32f3xx_hal_adc_ex.o
 .comment       0x0000007c       0x7d Drivers\STM32F3xx_HAL_Driver\Src\stm32f3xx_hal_cortex.o
 .comment       0x0000007c       0x7d Drivers\STM32F3xx_HAL_Driver\Src\stm32f3xx_hal_gpio.o
 .comment       0x0000007c       0x7d Drivers\STM32F3xx_HAL_Driver\Src\stm32f3xx_hal_pwr.o
 .comment       0x0000007c       0x7d Drivers\STM32F3xx_HAL_Driver\Src\stm32f3xx_hal_rcc.o
 .comment       0x0000007c       0x7d Drivers\STM32F3xx_HAL_Driver\Src\stm32f3xx_hal_rcc_ex.o
 .comment       0x0000007c       0x7d Drivers\STM32F3xx_HAL_Driver\Src\stm32f3xx_hal_spi.o
 .comment       0x0000007c       0x7d Drivers\STM32F3xx_HAL_Driver\Src\stm32f3xx_hal_uart.o
 .comment       0x0000007c       0x7d Src\epaper_1in02d.o
 .comment       0x0000007c       0x7d Src\main.o
 .comment       0x0000007c       0x7d Src\stm32f3xx_hal_msp.o
 .comment       0x0000007c       0x7d Src\stm32f3xx_it.o
 .comment       0x0000007c       0x7d Src\system_stm32f3xx.o

.debug_frame    0x00000000     0x1e5c
 .debug_frame   0x00000000      0x194 Drivers\STM32F3xx_HAL_Driver\Src\stm32f3xx_hal.o
 .debug_frame   0x00000194      0x468 Drivers\STM32F3xx_HAL_Driver\Src\stm32f3xx_hal_adc_ex.o
 .debug_frame   0x000005fc      0x158 Drivers\STM32F3xx_HAL_Driver\Src\stm32f3xx_hal_cortex.o
 .debug_frame   0x00000754       0xd8 Drivers\STM32F3xx_HAL_Driver\Src\stm32f3xx_hal_gpio.o
 .debug_frame   0x0000082c       0xd0 Drivers\STM32F3xx_HAL_Driver\Src\stm32f3xx_hal_pwr.o
 .debug_frame   0x000008fc      0x138 Drivers\STM32F3xx_HAL_Driver\Src\stm32f3xx_hal_rcc.o
 .debug_frame   0x00000a34       0xb8 Drivers\STM32F3xx_HAL_Driver\Src\stm32f3xx_hal_rcc_ex.o
 .debug_frame   0x00000aec      0x5bc Drivers\STM32F3xx_HAL_Driver\Src\stm32f3xx_hal_spi.o
 .debug_frame   0x000010a8      0x568 Drivers\STM32F3xx_HAL_Driver\Src\stm32f3xx_hal_uart.o
 .debug_frame   0x00001610      0x1cc Src\epaper_1in02d.o
 .debug_frame   0x000017dc      0x1a0 Src\main.o
 .debug_frame   0x0000197c       0xa0 Src\stm32f3xx_hal_msp.o
 .debug_frame   0x00001a1c       0x3c Src\stm32f3xx_it.o
 .debug_frame   0x00001a58       0x38 Src\system_stm32f3xx.o
 .debug_frame   0x00001a90       0x2c c:/program files (x86)/atollic/truestudio for stm32 9.3.0/armtools/bin/../lib/gcc/arm-atollic-eabi/6.3.1/../../../../arm-atollic-eabi/lib/armv7e-m/fpu\libc_nano.a(lib_a-init.o)
 .debug_frame   0x00001abc       0x28 c:/program files (x86)/atollic/truestudio for stm32 9.3.0/armtools/bin/../lib/gcc/arm-atollic-eabi/6.3.1/../../../../arm-atollic-eabi/lib/armv7e-m/fpu\libc_nano.a(lib_a-memcpy-stub.o)
 .debug_frame   0x00001ae4       0x20 c:/program files (x86)/atollic/truestudio for stm32 9.3.0/armtools/bin/../lib/gcc/arm-atollic-eabi/6.3.1/../../../../arm-atollic-eabi/lib/armv7e-m/fpu\libc_nano.a(lib_a-memset.o)
 .debug_frame   0x00001b04       0x7c c:/program files (x86)/atollic/truestudio for stm32 9.3.0/armtools/bin/../lib/gcc/arm-atollic-eabi/6.3.1/../../../../arm-atollic-eabi/lib/armv7e-m/fpu\libc_nano.a(lib_a-snprintf.o)
 .debug_frame   0x00001b80       0x2c c:/program files (x86)/atollic/truestudio for stm32 9.3.0/armtools/bin/../lib/gcc/arm-atollic-eabi/6.3.1/../../../../arm-atollic-eabi/lib/armv7e-m/fpu\libc_nano.a(lib_a-strncpy.o)
 .debug_frame   0x00001bac       0x90 c:/program files (x86)/atollic/truestudio for stm32 9.3.0/armtools/bin/../lib/gcc/arm-atollic-eabi/6.3.1/../../../../arm-atollic-eabi/lib/armv7e-m/fpu\libc_nano.a(lib_a-nano-svfprintf.o)
 .debug_frame   0x00001c3c       0x60 c:/program files (x86)/atollic/truestudio for stm32 9.3.0/armtools/bin/../lib/gcc/arm-atollic-eabi/6.3.1/../../../../arm-atollic-eabi/lib/armv7e-m/fpu\libc_nano.a(lib_a-nano-vfprintf_i.o)
 .debug_frame   0x00001c9c       0x28 c:/program files (x86)/atollic/truestudio for stm32 9.3.0/armtools/bin/../lib/gcc/arm-atollic-eabi/6.3.1/../../../../arm-atollic-eabi/lib/armv7e-m/fpu\libc_nano.a(lib_a-memmove.o)
 .debug_frame   0x00001cc4       0x38 c:/program files (x86)/atollic/truestudio for stm32 9.3.0/armtools/bin/../lib/gcc/arm-atollic-eabi/6.3.1/../../../../arm-atollic-eabi/lib/armv7e-m/fpu\libc_nano.a(lib_a-nano-freer.o)
 .debug_frame   0x00001cfc       0x2c c:/program files (x86)/atollic/truestudio for stm32 9.3.0/armtools/bin/../lib/gcc/arm-atollic-eabi/6.3.1/../../../../arm-atollic-eabi/lib/armv7e-m/fpu\libc_nano.a(lib_a-nano-mallocr.o)
 .debug_frame   0x00001d28       0x3c c:/program files (x86)/atollic/truestudio for stm32 9.3.0/armtools/bin/../lib/gcc/arm-atollic-eabi/6.3.1/../../../../arm-atollic-eabi/lib/armv7e-m/fpu\libc_nano.a(lib_a-nano-reallocr.o)
 .debug_frame   0x00001d64       0x2c c:/program files (x86)/atollic/truestudio for stm32 9.3.0/armtools/bin/../lib/gcc/arm-atollic-eabi/6.3.1/../../../../arm-atollic-eabi/lib/armv7e-m/fpu\libc_nano.a(lib_a-sbrkr.o)
 .debug_frame   0x00001d90       0x30 c:/program files (x86)/atollic/truestudio for stm32 9.3.0/armtools/bin/../lib/gcc/arm-atollic-eabi/6.3.1/../../../../arm-atollic-eabi/lib/armv7e-m/fpu\libc_nano.a(lib_a-mlock.o)
 .debug_frame   0x00001dc0       0x20 c:/program files (x86)/atollic/truestudio for stm32 9.3.0/armtools/bin/../lib/gcc/arm-atollic-eabi/6.3.1/../../../../arm-atollic-eabi/lib/armv7e-m/fpu\libc_nano.a(lib_a-nano-msizer.o)
 .debug_frame   0x00001de0       0x5c c:/program files (x86)/atollic/truestudio for stm32 9.3.0/armtools/bin/../lib/gcc/arm-atollic-eabi/6.3.1/../../../../arm-atollic-eabi/lib/armv7e-m/fpu\libc_nano.a(lib_a-reent.o)
 .debug_frame   0x00001e3c       0x20 c:/program files (x86)/atollic/truestudio for stm32 9.3.0/armtools/bin/../lib/gcc/arm-atollic-eabi/6.3.1/../../../../arm-atollic-eabi/lib/armv7e-m/fpu\libnosys.a(sbrk.o)
