epaper_1in02d.c:15:13:EPD_SendCommand	16	static
epaper_1in02d.c:30:13:EPD_SendData	16	static
epaper_1in02d.c:77:13:EPD_WaitUntilIdle	8	static
epaper_1in02d.c:155:13:EPD_DrawPixel	0	static
epaper_1in02d.c:288:13:EPD_DrawString5x7	40	static
epaper_1in02d.c:133:13:EPD_DisplayFrame.constprop	8	static
epaper_1in02d.c:95:6:EPD_Init	8	static
epaper_1in02d.c:149:6:EPD_ClearWhite	8	static
epaper_1in02d.c:298:6:EPD_ShowString	8	static
epaper_1in02d.c:307:6:EPD_ShowTestPattern	16	static
epaper_1in02d.c:333:6:EPD_Sleep	8	static
